// Jest Snapshot v1, https://goo.gl/fbAQLP

exports[`renders without crashing 1`] = `"<div><div class=\\"container\\"><h1 class=\\"titulo\\"> Bloguinho</h1><div class=\\"opcoes\\"><div> opcao1 </div><div> opcao2 </div></div><div></div></div></div>"`;
