// Jest Snapshot v1, https://goo.gl/fbAQLP

exports[`renders without crashing 1`] = `"<div class=\\"group-rec\\"><a class=\\"rectangle\\" href=\\"/opcao2/1\\">1</a><a class=\\"rectangle\\" href=\\"/opcao2/2\\">2</a><a class=\\"rectangle\\" href=\\"/opcao2/3\\">3</a><a class=\\"rectangle\\" href=\\"/opcao2/4\\">4</a><a class=\\"rectangle\\" href=\\"/opcao2/4\\">5</a><a class=\\"rectangle\\" href=\\"/opcao2/1\\">1</a><a class=\\"rectangle\\" href=\\"/opcao2/2\\">2</a><a class=\\"rectangle\\" href=\\"/opcao2/3\\">3</a><a class=\\"rectangle\\" href=\\"/opcao2/4\\">4</a><a class=\\"rectangle\\" href=\\"/opcao2/4\\">5</a><a class=\\"rectangle\\" href=\\"/opcao2/1\\">1</a><a class=\\"rectangle\\" href=\\"/opcao2/2\\">2</a><a class=\\"rectangle\\" href=\\"/opcao2/3\\">3</a><a class=\\"rectangle\\" href=\\"/opcao2/4\\">4</a><a class=\\"rectangle\\" href=\\"/opcao2/4\\">5</a><a class=\\"rectangle\\" href=\\"/opcao2/1\\">1</a><a class=\\"rectangle\\" href=\\"/opcao2/2\\">2</a><a class=\\"rectangle\\" href=\\"/opcao2/3\\">3</a><a class=\\"rectangle\\" href=\\"/opcao2/4\\">4</a><a class=\\"rectangle\\" href=\\"/opcao2/4\\">5</a></div>"`;
